// Jest Snapshot v1, https://goo.gl/fbAQLP

exports[`<MessageView /> renders according to snapshot 1`] = `
<div>
  <article>
    Hallo Jest!
    <footer>
      moritz
    </footer>
  </article>
</div>
`;
